src/app/[agency]/[client]/patients/page.tsx(303,39): error TS2322: Type '"ghost"' is not assignable to type '"success" | "warning" | "outline" | "primary" | "secondary" | "destructive" | "info" | null | undefined'.
src/app/dashboard/analytics/page.tsx(341,32): error TS2304: Cannot find name 'router'.
src/app/dashboard/analytics/page.tsx(348,35): error TS2322: Type '{ status: "online"; }' is not assignable to type 'IntrinsicAttributes & HTMLAttributes<HTMLDivElement> & VariantProps<(props?: (ConfigVariants<{ variant: { online: string; offline: string; busy: string; away: string; }; }> & ClassProp) | undefined) => string>'.
  Property 'status' does not exist on type 'IntrinsicAttributes & HTMLAttributes<HTMLDivElement> & VariantProps<(props?: (ConfigVariants<{ variant: { online: string; offline: string; busy: string; away: string; }; }> & ClassProp) | undefined) => string>'.
src/app/dashboard/analytics/page.tsx(381,32): error TS2304: Cannot find name 'router'.
src/app/dashboard/page.tsx(268,29): error TS2322: Type '"ghost"' is not assignable to type '"styled" | "unstyled" | undefined'.
src/app/dashboard/page.tsx(268,45): error TS2322: Type '"sm"' is not assignable to type '"small" | "tiny" | "medium" | "large" | undefined'.
src/components/ui/activity-stats-card.tsx(78,63): error TS2769: No overload matches this call.
  The last overload gave the following error.
    Object literal may only specify known properties, and 'className' does not exist in type 'Partial<unknown> & Attributes'.
src/components/ui/activity-stats-card.tsx(78,88): error TS2571: Object is of type 'unknown'.
src/components/ui/button-colorful.tsx(9,17): error TS2323: Cannot redeclare exported variable 'ButtonColorful'.
src/components/ui/button-colorful.tsx(44,10): error TS2323: Cannot redeclare exported variable 'ButtonColorful'.
src/components/ui/button-colorful.tsx(44,10): error TS2484: Export declaration conflicts with exported declaration of 'ButtonColorful'.
src/components/ui/calendar.tsx(457,9): error TS2322: Type '(value: string) => void' is not assignable to type 'ChangeEventHandler<HTMLInputElement, HTMLInputElement>'.
  Types of parameters 'value' and 'event' are incompatible.
    Type 'ChangeEvent<HTMLInputElement, HTMLInputElement>' is not assignable to type 'string'.
src/components/ui/calendar.tsx(811,25): error TS2322: Type 'string' is not assignable to type 'number'.
src/components/ui/calendar.tsx(813,59): error TS2345: Argument of type 'ChangeEvent<HTMLInputElement, HTMLInputElement>' is not assignable to parameter of type 'SetStateAction<string>'.
src/components/ui/calendar.tsx(819,25): error TS2322: Type 'string' is not assignable to type 'number'.
src/components/ui/calendar.tsx(821,59): error TS2345: Argument of type 'ChangeEvent<HTMLInputElement, HTMLInputElement>' is not assignable to parameter of type 'SetStateAction<string>'.
src/components/ui/calendar.tsx(832,25): error TS2322: Type 'string' is not assignable to type 'number'.
src/components/ui/calendar.tsx(834,57): error TS2345: Argument of type 'ChangeEvent<HTMLInputElement, HTMLInputElement>' is not assignable to parameter of type 'SetStateAction<string>'.
src/components/ui/calendar.tsx(840,25): error TS2322: Type 'string' is not assignable to type 'number'.
src/components/ui/calendar.tsx(842,57): error TS2345: Argument of type 'ChangeEvent<HTMLInputElement, HTMLInputElement>' is not assignable to parameter of type 'SetStateAction<string>'.
src/components/ui/ghost-404-page.tsx(109,11): error TS2322: Type '{ hidden: { opacity: number; y: number; }; visible: { opacity: number; y: number; transition: { duration: number; ease: number[]; delayChildren: number; staggerChildren: number; }; }; }' is not assignable to type 'Variants'.
  Property 'visible' is incompatible with index signature.
    Type '{ opacity: number; y: number; transition: { duration: number; ease: number[]; delayChildren: number; staggerChildren: number; }; }' is not assignable to type 'Variant'.
      Type '{ opacity: number; y: number; transition: { duration: number; ease: number[]; delayChildren: number; staggerChildren: number; }; }' is not assignable to type 'TargetAndTransition'.
        Type '{ opacity: number; y: number; transition: { duration: number; ease: number[]; delayChildren: number; staggerChildren: number; }; }' is not assignable to type '{ transition?: Transition<any> | undefined; transitionEnd?: ResolvedValues$1 | undefined; }'.
          Types of property 'transition' are incompatible.
            Type '{ duration: number; ease: number[]; delayChildren: number; staggerChildren: number; }' is not assignable to type 'Transition<any> | undefined'.
              Type '{ duration: number; ease: number[]; delayChildren: number; staggerChildren: number; }' is not assignable to type 'TransitionWithValueOverrides<any>'.
                Type '{ duration: number; ease: number[]; delayChildren: number; staggerChildren: number; }' is not assignable to type 'ValueAnimationTransition<any>'.
                  Types of property 'ease' are incompatible.
                    Type 'number[]' is not assignable to type 'Easing | Easing[] | undefined'.
                      Type 'number[]' is not assignable to type 'EasingFunction | Easing[]'.
                        Type 'number[]' is not assignable to type 'Easing[]'.
                          Type 'number' is not assignable to type 'Easing'.
src/components/ui/ghost-404-page.tsx(117,15): error TS2322: Type '{ hidden: (direction: number) => { opacity: number; x: number; y: number; rotate: number; }; visible: { opacity: number; x: number; y: number; rotate: number; transition: { duration: number; ease: number[]; }; }; }' is not assignable to type 'Variants'.
  Property 'visible' is incompatible with index signature.
    Type '{ opacity: number; x: number; y: number; rotate: number; transition: { duration: number; ease: number[]; }; }' is not assignable to type 'Variant'.
      Type '{ opacity: number; x: number; y: number; rotate: number; transition: { duration: number; ease: number[]; }; }' is not assignable to type 'TargetAndTransition'.
        Type '{ opacity: number; x: number; y: number; rotate: number; transition: { duration: number; ease: number[]; }; }' is not assignable to type '{ transition?: Transition<any> | undefined; transitionEnd?: ResolvedValues$1 | undefined; }'.
          Types of property 'transition' are incompatible.
            Type '{ duration: number; ease: number[]; }' is not assignable to type 'Transition<any> | undefined'.
              Type '{ duration: number; ease: number[]; }' is not assignable to type 'TransitionWithValueOverrides<any>'.
                Type '{ duration: number; ease: number[]; }' is not assignable to type 'ValueAnimationTransition<any>'.
                  Types of property 'ease' are incompatible.
                    Type 'number[]' is not assignable to type 'Easing | Easing[] | undefined'.
                      Type 'number[]' is not assignable to type 'EasingFunction | Easing[]'.
                        Type 'number[]' is not assignable to type 'Easing[]'.
                          Type 'number' is not assignable to type 'Easing'.
src/components/ui/ghost-404-page.tsx(123,15): error TS2322: Type '{ hidden: { scale: number; opacity: number; y: number; rotate: number; }; visible: { scale: number; opacity: number; y: number; rotate: number; transition: { duration: number; ease: number[]; }; }; hover: { scale: number; y: number; rotate: number[]; transition: { ...; }; }; floating: { ...; }; }' is not assignable to type 'Variants'.
  Property 'visible' is incompatible with index signature.
    Type '{ scale: number; opacity: number; y: number; rotate: number; transition: { duration: number; ease: number[]; }; }' is not assignable to type 'Variant'.
      Type '{ scale: number; opacity: number; y: number; rotate: number; transition: { duration: number; ease: number[]; }; }' is not assignable to type 'TargetAndTransition'.
        Type '{ scale: number; opacity: number; y: number; rotate: number; transition: { duration: number; ease: number[]; }; }' is not assignable to type '{ transition?: Transition<any> | undefined; transitionEnd?: ResolvedValues$1 | undefined; }'.
          Types of property 'transition' are incompatible.
            Type '{ duration: number; ease: number[]; }' is not assignable to type 'Transition<any> | undefined'.
              Type '{ duration: number; ease: number[]; }' is not assignable to type 'TransitionWithValueOverrides<any>'.
                Type '{ duration: number; ease: number[]; }' is not assignable to type 'ValueAnimationTransition<any>'.
                  Types of property 'ease' are incompatible.
                    Type 'number[]' is not assignable to type 'Easing | Easing[] | undefined'.
                      Type 'number[]' is not assignable to type 'EasingFunction | Easing[]'.
                        Type 'number[]' is not assignable to type 'Easing[]'.
                          Type 'number' is not assignable to type 'Easing'.
src/components/ui/ghost-404-page.tsx(139,15): error TS2322: Type '{ hidden: (direction: number) => { opacity: number; x: number; y: number; rotate: number; }; visible: { opacity: number; x: number; y: number; rotate: number; transition: { duration: number; ease: number[]; }; }; }' is not assignable to type 'Variants'.
  Property 'visible' is incompatible with index signature.
    Type '{ opacity: number; x: number; y: number; rotate: number; transition: { duration: number; ease: number[]; }; }' is not assignable to type 'Variant'.
      Type '{ opacity: number; x: number; y: number; rotate: number; transition: { duration: number; ease: number[]; }; }' is not assignable to type 'TargetAndTransition'.
        Type '{ opacity: number; x: number; y: number; rotate: number; transition: { duration: number; ease: number[]; }; }' is not assignable to type '{ transition?: Transition<any> | undefined; transitionEnd?: ResolvedValues$1 | undefined; }'.
          Types of property 'transition' are incompatible.
            Type '{ duration: number; ease: number[]; }' is not assignable to type 'Transition<any> | undefined'.
              Type '{ duration: number; ease: number[]; }' is not assignable to type 'TransitionWithValueOverrides<any>'.
                Type '{ duration: number; ease: number[]; }' is not assignable to type 'ValueAnimationTransition<any>'.
                  Types of property 'ease' are incompatible.
                    Type 'number[]' is not assignable to type 'Easing | Easing[] | undefined'.
                      Type 'number[]' is not assignable to type 'EasingFunction | Easing[]'.
                        Type 'number[]' is not assignable to type 'Easing[]'.
                          Type 'number' is not assignable to type 'Easing'.
src/components/ui/ghost-404-page.tsx(148,13): error TS2322: Type '{ hidden: { opacity: number; y: number; }; visible: { opacity: number; y: number; transition: { duration: number; ease: number[]; }; }; }' is not assignable to type 'Variants'.
  Property 'visible' is incompatible with index signature.
    Type '{ opacity: number; y: number; transition: { duration: number; ease: number[]; }; }' is not assignable to type 'Variant'.
      Type '{ opacity: number; y: number; transition: { duration: number; ease: number[]; }; }' is not assignable to type 'TargetAndTransition'.
        Type '{ opacity: number; y: number; transition: { duration: number; ease: number[]; }; }' is not assignable to type '{ transition?: Transition<any> | undefined; transitionEnd?: ResolvedValues$1 | undefined; }'.
          Types of property 'transition' are incompatible.
            Type '{ duration: number; ease: number[]; }' is not assignable to type 'Transition<any> | undefined'.
              Type '{ duration: number; ease: number[]; }' is not assignable to type 'TransitionWithValueOverrides<any>'.
                Type '{ duration: number; ease: number[]; }' is not assignable to type 'ValueAnimationTransition<any>'.
                  Types of property 'ease' are incompatible.
                    Type 'number[]' is not assignable to type 'Easing | Easing[] | undefined'.
                      Type 'number[]' is not assignable to type 'EasingFunction | Easing[]'.
                        Type 'number[]' is not assignable to type 'Easing[]'.
                          Type 'number' is not assignable to type 'Easing'.
src/components/ui/ghost-404-page.tsx(155,13): error TS2322: Type '{ hidden: { opacity: number; y: number; }; visible: { opacity: number; y: number; transition: { duration: number; ease: number[]; }; }; }' is not assignable to type 'Variants'.
  Property 'visible' is incompatible with index signature.
    Type '{ opacity: number; y: number; transition: { duration: number; ease: number[]; }; }' is not assignable to type 'Variant'.
      Type '{ opacity: number; y: number; transition: { duration: number; ease: number[]; }; }' is not assignable to type 'TargetAndTransition'.
        Type '{ opacity: number; y: number; transition: { duration: number; ease: number[]; }; }' is not assignable to type '{ transition?: Transition<any> | undefined; transitionEnd?: ResolvedValues$1 | undefined; }'.
          Types of property 'transition' are incompatible.
            Type '{ duration: number; ease: number[]; }' is not assignable to type 'Transition<any> | undefined'.
              Type '{ duration: number; ease: number[]; }' is not assignable to type 'TransitionWithValueOverrides<any>'.
                Type '{ duration: number; ease: number[]; }' is not assignable to type 'ValueAnimationTransition<any>'.
                  Types of property 'ease' are incompatible.
                    Type 'number[]' is not assignable to type 'Easing | Easing[] | undefined'.
                      Type 'number[]' is not assignable to type 'EasingFunction | Easing[]'.
                        Type 'number[]' is not assignable to type 'Easing[]'.
                          Type 'number' is not assignable to type 'Easing'.
src/components/ui/ghost-404-page.tsx(161,13): error TS2322: Type '{ hidden: { opacity: number; y: number; }; visible: { opacity: number; y: number; transition: { duration: number; ease: number[]; }; }; }' is not assignable to type 'Variants'.
  Property 'visible' is incompatible with index signature.
    Type '{ opacity: number; y: number; transition: { duration: number; ease: number[]; }; }' is not assignable to type 'Variant'.
      Type '{ opacity: number; y: number; transition: { duration: number; ease: number[]; }; }' is not assignable to type 'TargetAndTransition'.
        Type '{ opacity: number; y: number; transition: { duration: number; ease: number[]; }; }' is not assignable to type '{ transition?: Transition<any> | undefined; transitionEnd?: ResolvedValues$1 | undefined; }'.
          Types of property 'transition' are incompatible.
            Type '{ duration: number; ease: number[]; }' is not assignable to type 'Transition<any> | undefined'.
              Type '{ duration: number; ease: number[]; }' is not assignable to type 'TransitionWithValueOverrides<any>'.
                Type '{ duration: number; ease: number[]; }' is not assignable to type 'ValueAnimationTransition<any>'.
                  Types of property 'ease' are incompatible.
                    Type 'number[]' is not assignable to type 'Easing | Easing[] | undefined'.
                      Type 'number[]' is not assignable to type 'EasingFunction | Easing[]'.
                        Type 'number[]' is not assignable to type 'Easing[]'.
                          Type 'number' is not assignable to type 'Easing'.
src/components/ui/ghost-404-page.tsx(180,13): error TS2322: Type '{ hidden: { opacity: number; y: number; }; visible: { opacity: number; y: number; transition: { duration: number; ease: number[]; }; }; }' is not assignable to type 'Variants'.
  Property 'visible' is incompatible with index signature.
    Type '{ opacity: number; y: number; transition: { duration: number; ease: number[]; }; }' is not assignable to type 'Variant'.
      Type '{ opacity: number; y: number; transition: { duration: number; ease: number[]; }; }' is not assignable to type 'TargetAndTransition'.
        Type '{ opacity: number; y: number; transition: { duration: number; ease: number[]; }; }' is not assignable to type '{ transition?: Transition<any> | undefined; transitionEnd?: ResolvedValues$1 | undefined; }'.
          Types of property 'transition' are incompatible.
            Type '{ duration: number; ease: number[]; }' is not assignable to type 'Transition<any> | undefined'.
              Type '{ duration: number; ease: number[]; }' is not assignable to type 'TransitionWithValueOverrides<any>'.
                Type '{ duration: number; ease: number[]; }' is not assignable to type 'ValueAnimationTransition<any>'.
                  Types of property 'ease' are incompatible.
                    Type 'number[]' is not assignable to type 'Easing | Easing[] | undefined'.
                      Type 'number[]' is not assignable to type 'EasingFunction | Easing[]'.
                        Type 'number[]' is not assignable to type 'Easing[]'.
                          Type 'number' is not assignable to type 'Easing'.
src/components/ui/header-2-demo.tsx(7,5): error TS2741: Property 'onOpenLogin' is missing in type '{}' but required in type '{ onOpenLogin: () => void; }'.
src/components/ui/input.tsx(5,18): error TS2430: Interface 'InputProps' incorrectly extends interface 'InputHTMLAttributes<HTMLInputElement>'.
  Types of property 'prefix' are incompatible.
    Type 'ReactNode' is not assignable to type 'string | undefined'.
      Type 'null' is not assignable to type 'string | undefined'.
src/components/ui/line-charts-1.tsx(97,3): error TS2339: Property 'payload' does not exist on type 'Omit<Props<ValueType, NameType>, PropertiesReadFromContext> & { active?: boolean | undefined; allowEscapeViewBox?: AllowInDimension | undefined; ... 24 more ...; wrapperStyle?: CSSProperties | undefined; } & ClassAttributes<...> & HTMLAttributes<...> & { ...; }'.
src/components/ui/line-charts-1.tsx(102,3): error TS2339: Property 'label' does not exist on type 'Omit<Props<ValueType, NameType>, PropertiesReadFromContext> & { active?: boolean | undefined; allowEscapeViewBox?: AllowInDimension | undefined; ... 24 more ...; wrapperStyle?: CSSProperties | undefined; } & ClassAttributes<...> & HTMLAttributes<...> & { ...; }'.
src/components/ui/line-charts-1.tsx(156,23): error TS7006: Parameter 'item' implicitly has an 'any' type.
src/components/ui/line-charts-1.tsx(156,29): error TS7006: Parameter 'index' implicitly has an 'any' type.
src/components/ui/line-charts-1.tsx(225,39): error TS2344: Type '"verticalAlign" | "payload"' does not satisfy the constraint '"string" | "path" | "href" | "origin" | "media" | "fontFamily" | "key" | "slot" | "style" | "clipPath" | "filter" | "mask" | "rotate" | "scale" | "x" | "y" | "z" | "alignmentBaseline" | ... 432 more ... | "onBBoxUpdate"'.
  Type '"payload"' is not assignable to type '"string" | "path" | "href" | "origin" | "media" | "fontFamily" | "key" | "slot" | "style" | "clipPath" | "filter" | "mask" | "rotate" | "scale" | "x" | "y" | "z" | "alignmentBaseline" | ... 432 more ... | "onBBoxUpdate"'.
src/components/ui/line-charts-1.tsx(231,17): error TS2339: Property 'length' does not exist on type '{}'.
src/components/ui/line-charts-1.tsx(237,16): error TS2339: Property 'map' does not exist on type '{}'.
src/components/ui/line-charts-1.tsx(237,21): error TS7006: Parameter 'item' implicitly has an 'any' type.
src/components/ui/line-charts-4.tsx(97,3): error TS2339: Property 'payload' does not exist on type 'Omit<Props<ValueType, NameType>, PropertiesReadFromContext> & { active?: boolean | undefined; allowEscapeViewBox?: AllowInDimension | undefined; ... 24 more ...; wrapperStyle?: CSSProperties | undefined; } & ClassAttributes<...> & HTMLAttributes<...> & { ...; }'.
src/components/ui/line-charts-4.tsx(102,3): error TS2339: Property 'label' does not exist on type 'Omit<Props<ValueType, NameType>, PropertiesReadFromContext> & { active?: boolean | undefined; allowEscapeViewBox?: AllowInDimension | undefined; ... 24 more ...; wrapperStyle?: CSSProperties | undefined; } & ClassAttributes<...> & HTMLAttributes<...> & { ...; }'.
src/components/ui/line-charts-4.tsx(156,23): error TS7006: Parameter 'item' implicitly has an 'any' type.
src/components/ui/line-charts-4.tsx(156,29): error TS7006: Parameter 'index' implicitly has an 'any' type.
src/components/ui/line-charts-4.tsx(225,39): error TS2344: Type '"verticalAlign" | "payload"' does not satisfy the constraint '"string" | "path" | "href" | "origin" | "media" | "fontFamily" | "key" | "slot" | "style" | "clipPath" | "filter" | "mask" | "rotate" | "scale" | "x" | "y" | "z" | "alignmentBaseline" | ... 432 more ... | "onBBoxUpdate"'.
  Type '"payload"' is not assignable to type '"string" | "path" | "href" | "origin" | "media" | "fontFamily" | "key" | "slot" | "style" | "clipPath" | "filter" | "mask" | "rotate" | "scale" | "x" | "y" | "z" | "alignmentBaseline" | ... 432 more ... | "onBBoxUpdate"'.
src/components/ui/line-charts-4.tsx(231,17): error TS2339: Property 'length' does not exist on type '{}'.
src/components/ui/line-charts-4.tsx(237,16): error TS2339: Property 'map' does not exist on type '{}'.
src/components/ui/line-charts-4.tsx(237,21): error TS7006: Parameter 'item' implicitly has an 'any' type.
src/components/ui/login-card.tsx(146,9): error TS2322: Type '{ hidden: { opacity: number; scale: number; }; visible: { opacity: number; scale: number; transition: { duration: number; ease: string; staggerChildren: number; }; }; exit: { opacity: number; scale: number; transition: { ...; }; }; }' is not assignable to type 'Variants'.
  Property 'visible' is incompatible with index signature.
    Type '{ opacity: number; scale: number; transition: { duration: number; ease: string; staggerChildren: number; }; }' is not assignable to type 'Variant'.
      Type '{ opacity: number; scale: number; transition: { duration: number; ease: string; staggerChildren: number; }; }' is not assignable to type 'TargetAndTransition'.
        Type '{ opacity: number; scale: number; transition: { duration: number; ease: string; staggerChildren: number; }; }' is not assignable to type '{ transition?: Transition<any> | undefined; transitionEnd?: ResolvedValues$1 | undefined; }'.
          Types of property 'transition' are incompatible.
            Type '{ duration: number; ease: string; staggerChildren: number; }' is not assignable to type 'Transition<any> | undefined'.
              Type '{ duration: number; ease: string; staggerChildren: number; }' is not assignable to type 'TransitionWithValueOverrides<any>'.
                Type '{ duration: number; ease: string; staggerChildren: number; }' is not assignable to type 'ValueAnimationTransition<any>'.
                  Types of property 'ease' are incompatible.
                    Type 'string' is not assignable to type 'Easing | Easing[] | undefined'.
